127.0.0.1 - - [12/Jul/2016:13:41:56 +0800] "GET / HTTP/1.1" 404 994
0:0:0:0:0:0:0:1 - - [12/Jul/2016:13:42:06 +0800] "POST /machineRestapi/rest/api/test/w9b1 HTTP/1.1" 201 4
0:0:0:0:0:0:0:1 - - [12/Jul/2016:13:52:04 +0800] "POST /machineRestapi/rest/api/test/%7Bw9b1%7D HTTP/1.1" 201 4
0:0:0:0:0:0:0:1 - - [12/Jul/2016:13:56:44 +0800] "POST /machineRestapi/rest/api/find HTTP/1.1" 201 4
127.0.0.1 - - [12/Jul/2016:13:57:52 +0800] "GET / HTTP/1.1" 404 994
0:0:0:0:0:0:0:1 - - [12/Jul/2016:13:58:00 +0800] "POST /machineRestapi/rest/api/test/w9b1 HTTP/1.1" 201 4
0:0:0:0:0:0:0:1 - - [12/Jul/2016:13:58:05 +0800] "POST /machineRestapi/rest/api/test/w9b1 HTTP/1.1" 201 4
0:0:0:0:0:0:0:1 - - [12/Jul/2016:13:58:13 +0800] "POST /machineRestapi/rest/api/test/%7Bw9b1%7D HTTP/1.1" 201 4
0:0:0:0:0:0:0:1 - - [12/Jul/2016:13:58:19 +0800] "POST /machineRestapi/rest/api/test/%7Bw9b1%7D HTTP/1.1" 201 4
0:0:0:0:0:0:0:1 - - [12/Jul/2016:13:58:27 +0800] "POST /machineRestapi/rest/api/test/%7Bw9b1%7D HTTP/1.1" 201 4
0:0:0:0:0:0:0:1 - - [12/Jul/2016:13:58:43 +0800] "POST /machineRestapi/rest/api/hello HTTP/1.1" 405 -
0:0:0:0:0:0:0:1 - - [12/Jul/2016:13:58:45 +0800] "POST /machineRestapi/rest/api/hello HTTP/1.1" 405 -
0:0:0:0:0:0:0:1 - - [12/Jul/2016:13:58:48 +0800] "POST /machineRestapi/rest/api/hello HTTP/1.1" 405 -
0:0:0:0:0:0:0:1 - - [12/Jul/2016:13:58:52 +0800] "GET /machineRestapi/rest/api/hello HTTP/1.1" 200 7
0:0:0:0:0:0:0:1 - - [12/Jul/2016:13:59:17 +0800] "POST /machineRestapi/rest/api/test/w9b1 HTTP/1.1" 201 4
0:0:0:0:0:0:0:1 - - [12/Jul/2016:13:59:45 +0800] "GET /machineRestapi/rest/api/hello HTTP/1.1" 200 7
127.0.0.1 - - [12/Jul/2016:14:00:30 +0800] "GET / HTTP/1.1" 404 994
0:0:0:0:0:0:0:1 - - [12/Jul/2016:14:00:34 +0800] "GET /machineRestapi/rest/api/hello HTTP/1.1" 200 7
0:0:0:0:0:0:0:1 - - [12/Jul/2016:14:00:45 +0800] "GET /machineRestapi/rest/api/test/w9b1 HTTP/1.1" 405 -
0:0:0:0:0:0:0:1 - - [12/Jul/2016:14:00:49 +0800] "POST /machineRestapi/rest/api/test/w9b1 HTTP/1.1" 201 179
127.0.0.1 - - [12/Jul/2016:14:02:38 +0800] "GET / HTTP/1.1" 404 994
0:0:0:0:0:0:0:1 - - [12/Jul/2016:14:02:43 +0800] "POST /machineRestapi/rest/api/test/w9b1 HTTP/1.1" 201 8
127.0.0.1 - - [12/Jul/2016:14:03:09 +0800] "GET / HTTP/1.1" 404 994
0:0:0:0:0:0:0:1 - - [12/Jul/2016:14:03:11 +0800] "POST /machineRestapi/rest/api/test/w9b1 HTTP/1.1" 400 -
127.0.0.1 - - [12/Jul/2016:14:03:53 +0800] "GET / HTTP/1.1" 404 994
0:0:0:0:0:0:0:1 - - [12/Jul/2016:14:03:56 +0800] "POST /machineRestapi/rest/api/test/w9b1 HTTP/1.1" 400 -
127.0.0.1 - - [12/Jul/2016:14:04:27 +0800] "GET / HTTP/1.1" 404 994
0:0:0:0:0:0:0:1 - - [12/Jul/2016:14:04:32 +0800] "POST /machineRestapi/rest/api/test/w9b1 HTTP/1.1" 400 -
127.0.0.1 - - [12/Jul/2016:14:04:49 +0800] "GET / HTTP/1.1" 404 994
0:0:0:0:0:0:0:1 - - [12/Jul/2016:14:04:52 +0800] "POST /machineRestapi/rest/api/test/w9b1 HTTP/1.1" 201 4
127.0.0.1 - - [12/Jul/2016:14:18:59 +0800] "GET / HTTP/1.1" 404 994
0:0:0:0:0:0:0:1 - - [12/Jul/2016:14:19:02 +0800] "POST /machineRestapi/rest/api/test/w9b1 HTTP/1.1" 400 -
127.0.0.1 - - [12/Jul/2016:14:32:07 +0800] "GET / HTTP/1.1" 404 994
0:0:0:0:0:0:0:1 - - [12/Jul/2016:14:32:10 +0800] "POST /machineRestapi/rest/api/test/w9b1 HTTP/1.1" 400 -
127.0.0.1 - - [12/Jul/2016:14:32:38 +0800] "GET / HTTP/1.1" 404 994
0:0:0:0:0:0:0:1 - - [12/Jul/2016:14:32:41 +0800] "POST /machineRestapi/rest/api/test/w9b1 HTTP/1.1" 400 -
127.0.0.1 - - [12/Jul/2016:14:33:39 +0800] "GET / HTTP/1.1" 404 994
0:0:0:0:0:0:0:1 - - [12/Jul/2016:14:33:42 +0800] "POST /machineRestapi/rest/api/test/w9b1 HTTP/1.1" 201 4
127.0.0.1 - - [12/Jul/2016:14:33:57 +0800] "GET / HTTP/1.1" 404 994
0:0:0:0:0:0:0:1 - - [12/Jul/2016:14:34:00 +0800] "POST /machineRestapi/rest/api/test/w9b1 HTTP/1.1" 201 4
127.0.0.1 - - [12/Jul/2016:14:34:32 +0800] "GET / HTTP/1.1" 404 994
0:0:0:0:0:0:0:1 - - [12/Jul/2016:14:34:35 +0800] "POST /machineRestapi/rest/api/test/w9b1 HTTP/1.1" 400 -
127.0.0.1 - - [12/Jul/2016:14:35:58 +0800] "GET / HTTP/1.1" 404 994
0:0:0:0:0:0:0:1 - - [12/Jul/2016:14:36:01 +0800] "POST /machineRestapi/rest/api/test/w9b1 HTTP/1.1" 400 -
127.0.0.1 - - [12/Jul/2016:14:52:54 +0800] "GET / HTTP/1.1" 404 994
0:0:0:0:0:0:0:1 - - [12/Jul/2016:14:53:06 +0800] "GET /machineRestapi/hello HTTP/1.1" 404 -
127.0.0.1 - - [12/Jul/2016:14:53:46 +0800] "GET / HTTP/1.1" 404 994
0:0:0:0:0:0:0:1 - - [12/Jul/2016:14:53:49 +0800] "GET /machineRestapi/hello HTTP/1.1" 404 -
127.0.0.1 - - [12/Jul/2016:14:54:58 +0800] "GET / HTTP/1.1" 404 994
0:0:0:0:0:0:0:1 - - [12/Jul/2016:14:55:04 +0800] "GET /machineRestapi/rest/hello HTTP/1.1" 404 -
127.0.0.1 - - [12/Jul/2016:14:55:51 +0800] "GET / HTTP/1.1" 404 994
0:0:0:0:0:0:0:1 - - [12/Jul/2016:14:55:55 +0800] "GET /machineRestapi/rest/hello HTTP/1.1" 404 -
127.0.0.1 - - [12/Jul/2016:14:57:02 +0800] "GET / HTTP/1.1" 404 994
0:0:0:0:0:0:0:1 - - [12/Jul/2016:14:57:07 +0800] "GET /machineRestapi/api/hello HTTP/1.1" 200 7
127.0.0.1 - - [12/Jul/2016:14:57:18 +0800] "GET / HTTP/1.1" 404 994
0:0:0:0:0:0:0:1 - - [12/Jul/2016:14:57:25 +0800] "GET /machineRestapi/hello HTTP/1.1" 200 7
127.0.0.1 - - [12/Jul/2016:15:05:11 +0800] "GET / HTTP/1.1" 404 994
0:0:0:0:0:0:0:1 - - [12/Jul/2016:15:05:27 +0800] "DELETE /machineRestapi/delete/w9b1 HTTP/1.1" 200 24
0:0:0:0:0:0:0:1 - - [12/Jul/2016:15:10:06 +0800] "POST /machineRestapi/find HTTP/1.1" 400 -
0:0:0:0:0:0:0:1 - - [12/Jul/2016:15:10:32 +0800] "POST /machineRestapi/find?mName=w9b2 HTTP/1.1" 400 -
0:0:0:0:0:0:0:1 - - [12/Jul/2016:15:10:37 +0800] "POST /machineRestapi/find?mName=w9b2 HTTP/1.1" 400 -
0:0:0:0:0:0:0:1 - - [12/Jul/2016:15:11:14 +0800] "POST /machineRestapi/find HTTP/1.1" 415 -
0:0:0:0:0:0:0:1 - - [12/Jul/2016:15:11:48 +0800] "POST /machineRestapi/find HTTP/1.1" 415 -
0:0:0:0:0:0:0:1 - - [12/Jul/2016:15:12:03 +0800] "POST /machineRestapi/find HTTP/1.1" 201 4
0:0:0:0:0:0:0:1 - - [12/Jul/2016:15:12:12 +0800] "POST /machineRestapi/find HTTP/1.1" 201 4
0:0:0:0:0:0:0:1 - - [12/Jul/2016:15:13:53 +0800] "PUT /machineRestapi/create HTTP/1.1" 201 8
0:0:0:0:0:0:0:1 - - [12/Jul/2016:15:16:08 +0800] "PUT /machineRestapi/find HTTP/1.1" 405 -
0:0:0:0:0:0:0:1 - - [12/Jul/2016:15:16:15 +0800] "POST /machineRestapi/find HTTP/1.1" 201 4
0:0:0:0:0:0:0:1 - - [12/Jul/2016:15:18:40 +0800] "POST /machineRestapi/update HTTP/1.1" 201 8
127.0.0.1 - - [12/Jul/2016:15:20:58 +0800] "GET / HTTP/1.1" 404 994
0:0:0:0:0:0:0:1 - - [12/Jul/2016:15:21:10 +0800] "POST /machineRestapi/find HTTP/1.1" 201 4
127.0.0.1 - - [12/Jul/2016:15:23:01 +0800] "GET / HTTP/1.1" 404 994
0:0:0:0:0:0:0:1 - - [12/Jul/2016:15:23:04 +0800] "POST /machineRestapi/find HTTP/1.1" 201 176
0:0:0:0:0:0:0:1 - - [12/Jul/2016:15:23:31 +0800] "POST /machineRestapi/test/np0 HTTP/1.1" 201 176
127.0.0.1 - - [12/Jul/2016:15:29:47 +0800] "GET / HTTP/1.1" 404 994
0:0:0:0:0:0:0:1 - - [12/Jul/2016:15:29:53 +0800] "POST /machineRestapi/test/np1 HTTP/1.1" 400 -
0:0:0:0:0:0:0:1 - - [12/Jul/2016:15:31:12 +0800] "POST /machineRestapi/find HTTP/1.1" 400 -
127.0.0.1 - - [12/Jul/2016:15:33:35 +0800] "GET / HTTP/1.1" 404 994
127.0.0.1 - - [12/Jul/2016:15:33:43 +0800] "GET / HTTP/1.1" 404 994
0:0:0:0:0:0:0:1 - - [12/Jul/2016:15:33:51 +0800] "POST /machineRestapi/find HTTP/1.1" 201 4
127.0.0.1 - - [12/Jul/2016:15:35:28 +0800] "GET / HTTP/1.1" 404 994
0:0:0:0:0:0:0:1 - - [12/Jul/2016:15:35:32 +0800] "POST /machineRestapi/find HTTP/1.1" 201 176
0:0:0:0:0:0:0:1 - - [12/Jul/2016:15:35:38 +0800] "POST /machineRestapi/find HTTP/1.1" 201 4
127.0.0.1 - - [12/Jul/2016:15:37:50 +0800] "GET / HTTP/1.1" 404 994
0:0:0:0:0:0:0:1 - - [12/Jul/2016:15:37:55 +0800] "POST /machineRestapi/find HTTP/1.1" 201 4
127.0.0.1 - - [12/Jul/2016:15:39:24 +0800] "GET / HTTP/1.1" 404 994
0:0:0:0:0:0:0:1 - - [12/Jul/2016:15:39:37 +0800] "POST /machineRestapi/find HTTP/1.1" 201 4
127.0.0.1 - - [12/Jul/2016:15:40:40 +0800] "GET / HTTP/1.1" 404 994
0:0:0:0:0:0:0:1 - - [12/Jul/2016:15:40:43 +0800] "POST /machineRestapi/find HTTP/1.1" 201 176
0:0:0:0:0:0:0:1 - - [12/Jul/2016:15:40:47 +0800] "POST /machineRestapi/find HTTP/1.1" 201 4
127.0.0.1 - - [12/Jul/2016:15:42:02 +0800] "GET / HTTP/1.1" 404 994
0:0:0:0:0:0:0:1 - - [12/Jul/2016:15:42:04 +0800] "POST /machineRestapi/find HTTP/1.1" 201 4
0:0:0:0:0:0:0:1 - - [12/Jul/2016:15:42:09 +0800] "POST /machineRestapi/find HTTP/1.1" 201 176
127.0.0.1 - - [12/Jul/2016:15:43:45 +0800] "GET / HTTP/1.1" 404 994
0:0:0:0:0:0:0:1 - - [12/Jul/2016:15:43:49 +0800] "POST /machineRestapi/find HTTP/1.1" 201 176
0:0:0:0:0:0:0:1 - - [12/Jul/2016:15:43:52 +0800] "POST /machineRestapi/find HTTP/1.1" 201 4
127.0.0.1 - - [12/Jul/2016:15:44:59 +0800] "GET / HTTP/1.1" 404 994
0:0:0:0:0:0:0:1 - - [12/Jul/2016:15:45:09 +0800] "POST /machineRestapi/find HTTP/1.1" 201 4
0:0:0:0:0:0:0:1 - - [12/Jul/2016:15:45:13 +0800] "POST /machineRestapi/find HTTP/1.1" 201 176
